[     716ms] [INFO] %cDownload the React DevTools for a better development experience: https://react.dev/link/react-devtools font-weight:bold @ http://localhost:3001/node_modules/.vite/deps/react-dom_client.js?v=d2eaf5ea:14336
[  179439ms] [VERBOSE] [DOM] Input elements should have autocomplete attributes (suggested: "current-password"): (More info: https://goo.gl/9p2vKq) %o @ http://localhost:3001/login:0
[  179679ms] [VERBOSE] [DOM] Input elements should have autocomplete attributes (suggested: "current-password"): (More info: https://goo.gl/9p2vKq) %o @ http://localhost:3001/login:0
[ 1216630ms] [LOG] [vite] server connection lost. Polling for restart... @ http://localhost:3001/@vite/client:992
[ 1229878ms] [INFO] %cDownload the React DevTools for a better development experience: https://react.dev/link/react-devtools font-weight:bold @ http://localhost:3001/node_modules/.vite/deps/react-dom_client.js?v=d2eaf5ea:14336
[ 1230122ms] [VERBOSE] [DOM] Input elements should have autocomplete attributes (suggested: "current-password"): (More info: https://goo.gl/9p2vKq) %o @ http://localhost:3001/login:0
[ 1344888ms] [LOG] [vite] server connection lost. Polling for restart... @ http://localhost:3001/@vite/client:992
[ 5001662ms] [ERROR] Failed to load resource: net::ERR_NAME_NOT_RESOLVED @ https://eu.i.posthog.com/flags/?v=2&ip=0&_=1782419744524&ver=1.374.2&compression=base64:0
[ 5001789ms] [ERROR] Failed to load resource: net::ERR_NAME_NOT_RESOLVED @ https://js.paystack.co/v1/inline.js:0
[ 5005600ms] [INFO] %cDownload the React DevTools for a better development experience: https://react.dev/link/react-devtools font-weight:bold @ http://localhost:3001/node_modules/.vite/deps/react-dom_client.js?v=d2eaf5ea:14336
[ 5005774ms] [VERBOSE] [DOM] Input elements should have autocomplete attributes (suggested: "current-password"): (More info: https://goo.gl/9p2vKq) %o @ http://localhost:3001/login:0
[ 5332070ms] [LOG] [vite] server connection lost. Polling for restart... @ http://localhost:3001/@vite/client:992
[ 8669768ms] [INFO] %cDownload the React DevTools for a better development experience: https://react.dev/link/react-devtools font-weight:bold @ http://localhost:3001/node_modules/.vite/deps/react-dom_client.js?v=d2eaf5ea:14336
[ 8669997ms] [VERBOSE] [DOM] Input elements should have autocomplete attributes (suggested: "current-password"): (More info: https://goo.gl/9p2vKq) %o @ http://localhost:3001/login:0
[ 8793483ms] [LOG] [vite] server connection lost. Polling for restart... @ http://localhost:3001/@vite/client:992
[ 8800329ms] [INFO] %cDownload the React DevTools for a better development experience: https://react.dev/link/react-devtools font-weight:bold @ http://localhost:3001/node_modules/.vite/deps/react-dom_client.js?v=d2eaf5ea:14336
[ 8800586ms] [VERBOSE] [DOM] Input elements should have autocomplete attributes (suggested: "current-password"): (More info: https://goo.gl/9p2vKq) %o @ http://localhost:3001/login:0
[ 8828863ms] [LOG] [vite] server connection lost. Polling for restart... @ http://localhost:3001/@vite/client:992
[14480658ms] [ERROR] Failed to load resource: net::ERR_NETWORK_CHANGED @ http://localhost:3001/src/pages/Category.jsx:0
[14480658ms] [ERROR] Failed to load resource: net::ERR_NETWORK_CHANGED @ http://localhost:3001/src/pages/ProductDetail.jsx:0
[14480658ms] [ERROR] Failed to load resource: net::ERR_NETWORK_CHANGED @ http://localhost:3001/src/pages/Cart.jsx:0
[14480658ms] [ERROR] Failed to load resource: net::ERR_NETWORK_CHANGED @ http://localhost:3001/src/pages/Checkout.jsx:0
[14480658ms] [ERROR] Failed to load resource: net::ERR_NETWORK_CHANGED @ http://localhost:3001/src/pages/Payment.jsx:0
[14480736ms] [ERROR] Failed to load resource: net::ERR_NETWORK_CHANGED @ http://localhost:3001/src/pages/Auth/Login.jsx:0
[14482584ms] [ERROR] Failed to load resource: net::ERR_INTERNET_DISCONNECTED @ https://paystack.com/public/css/button.min.css:0
[16287469ms] [LOG] [vite] server connection lost. Polling for restart... @ http://localhost:3001/@vite/client:992
[24737048ms] [ERROR] Failed to load resource: net::ERR_NAME_NOT_RESOLVED @ https://js.paystack.co/v1/inline.js:0
[24738435ms] [INFO] %cDownload the React DevTools for a better development experience: https://react.dev/link/react-devtools font-weight:bold @ http://localhost:3001/node_modules/.vite/deps/react-dom_client.js?v=d2eaf5ea:14336
[24739029ms] [VERBOSE] [DOM] Input elements should have autocomplete attributes (suggested: "current-password"): (More info: https://goo.gl/9p2vKq) %o @ http://localhost:3001/login:0
[24820483ms] [LOG] [vite] server connection lost. Polling for restart... @ http://localhost:3001/@vite/client:992
[26512455ms] [INFO] %cDownload the React DevTools for a better development experience: https://react.dev/link/react-devtools font-weight:bold @ http://localhost:3001/node_modules/.vite/deps/react-dom_client.js?v=d2eaf5ea:14336
[26512711ms] [VERBOSE] [DOM] Input elements should have autocomplete attributes (suggested: "current-password"): (More info: https://goo.gl/9p2vKq) %o @ http://localhost:3001/login:0
[26513132ms] [LOG] [vite] server connection lost. Polling for restart... @ http://localhost:3001/@vite/client:992
[30136709ms] [INFO] %cDownload the React DevTools for a better development experience: https://react.dev/link/react-devtools font-weight:bold @ http://localhost:3001/node_modules/.vite/deps/react-dom_client.js?v=d2eaf5ea:14336
[30136875ms] [VERBOSE] [DOM] Input elements should have autocomplete attributes (suggested: "current-password"): (More info: https://goo.gl/9p2vKq) %o @ http://localhost:3001/login:0
[30139461ms] [ERROR] Failed to load resource: net::ERR_BLOCKED_BY_RESPONSE.NotSameOrigin @ https://paystack.com/public/css/button.min.css:0
[30179343ms] [ERROR] Failed to load resource: net::ERR_NAME_NOT_RESOLVED @ https://www.googletagmanager.com/gtag/js?id=G-0WCTF5FP66:0
[30194124ms] [ERROR] Failed to load resource: net::ERR_NETWORK_CHANGED @ https://checkout.paystack.com/cdn-cgi/challenge-platform/scripts/jsd/main.js:0
[30194138ms] [ERROR] Failed to load resource: net::ERR_NETWORK_CHANGED @ https://eu-assets.i.posthog.com/array/phc_LZ6VShmQYuGQM536EGOroVpmYKcpeL7U4bbtN3govL0/config?ip=0&_=1782444932216&ver=1.374.2:0
[30194143ms] [ERROR] Failed to load resource: net::ERR_NETWORK_CHANGED @ https://eu.i.posthog.com/e/?ip=0&_=1782444932351&ver=1.374.2&compression=gzip-js:0
[30213156ms] [ERROR] Failed to load resource: net::ERR_NAME_NOT_RESOLVED @ https://eu.i.posthog.com/e/?retry_count=1&ip=0&_=1782444943239&ver=1.374.2:0
[30228237ms] [ERROR] Failed to load resource: net::ERR_NAME_NOT_RESOLVED @ https://eu.i.posthog.com/e/?retry_count=2&ip=0&_=1782444965254&ver=1.374.2:0
[30246317ms] [ERROR] Failed to load resource: net::ERR_NAME_NOT_RESOLVED @ https://eu.i.posthog.com/e/?retry_count=3&ip=0&_=1782444983334&ver=1.374.2:0
[30269714ms] [LOG] [vite] server connection lost. Polling for restart... @ http://localhost:3001/@vite/client:992
[37098244ms] [INFO] %cDownload the React DevTools for a better development experience: https://react.dev/link/react-devtools font-weight:bold @ http://localhost:3001/node_modules/.vite/deps/react-dom_client.js?v=d2eaf5ea:14336
[37098474ms] [VERBOSE] [DOM] Input elements should have autocomplete attributes (suggested: "current-password"): (More info: https://goo.gl/9p2vKq) %o @ http://localhost:3001/login:0
[37110409ms] [ERROR] Failed to load resource: net::ERR_NAME_NOT_RESOLVED @ https://paystack.com/public/css/button.min.css:0
[38898423ms] [LOG] [vite] server connection lost. Polling for restart... @ http://localhost:3001/@vite/client:992
[39597801ms] [ERROR] Failed to load resource: net::ERR_NAME_NOT_RESOLVED @ https://js.paystack.co/v1/inline.js:0
[39598035ms] [INFO] %cDownload the React DevTools for a better development experience: https://react.dev/link/react-devtools font-weight:bold @ http://localhost:3001/node_modules/.vite/deps/react-dom_client.js?v=d2eaf5ea:14336
[39598235ms] [VERBOSE] [DOM] Input elements should have autocomplete attributes (suggested: "current-password"): (More info: https://goo.gl/9p2vKq) %o @ http://localhost:3001/login:0
[39861889ms] [VERBOSE] [DOM] Input elements should have autocomplete attributes (suggested: "current-password"): (More info: https://goo.gl/9p2vKq) %o @ http://localhost:3001/login:0
[40576868ms] ReferenceError: customer is not defined
    at Navbar (http://localhost:3001/src/components/Navbar.jsx?t=1782455319755:24:22)
    at Object.react_stack_bottom_frame (http://localhost:3001/node_modules/.vite/deps/react-dom_client.js?v=d2eaf5ea:12867:12)
    at renderWithHooks (http://localhost:3001/node_modules/.vite/deps/react-dom_client.js?v=d2eaf5ea:4212:19)
    at updateFunctionComponent (http://localhost:3001/node_modules/.vite/deps/react-dom_client.js?v=d2eaf5ea:5568:16)
    at beginWork (http://localhost:3001/node_modules/.vite/deps/react-dom_client.js?v=d2eaf5ea:6139:20)
    at runWithFiberInDEV (http://localhost:3001/node_modules/.vite/deps/react-dom_client.js?v=d2eaf5ea:850:66)
    at performUnitOfWork (http://localhost:3001/node_modules/.vite/deps/react-dom_client.js?v=d2eaf5ea:8428:92)
    at workLoopSync (http://localhost:3001/node_modules/.vite/deps/react-dom_client.js?v=d2eaf5ea:8324:37)
    at renderRootSync (http://localhost:3001/node_modules/.vite/deps/react-dom_client.js?v=d2eaf5ea:8308:6)
    at performWorkOnRoot (http://localhost:3001/node_modules/.vite/deps/react-dom_client.js?v=d2eaf5ea:7993:27)
[40576859ms] [WARNING] %s

%s
 An error occurred in the <Navbar> component. Consider adding an error boundary to your tree to customize error handling behavior.
Visit https://react.dev/link/error-boundaries to learn more about error boundaries. @ http://localhost:3001/node_modules/.vite/deps/react-dom_client.js?v=d2eaf5ea:5256
[40585556ms] [VERBOSE] [DOM] Input elements should have autocomplete attributes (suggested: "current-password"): (More info: https://goo.gl/9p2vKq) %o @ http://localhost:3001/login:0
[41170884ms] [INFO] %cDownload the React DevTools for a better development experience: https://react.dev/link/react-devtools font-weight:bold @ http://localhost:3001/node_modules/.vite/deps/react-dom_client.js?v=d2eaf5ea:14336
[41171099ms] [VERBOSE] [DOM] Input elements should have autocomplete attributes (suggested: "current-password"): (More info: https://goo.gl/9p2vKq) %o @ http://localhost:3001/login:0
[41466537ms] [VERBOSE] [DOM] Input elements should have autocomplete attributes (suggested: "current-password"): (More info: https://goo.gl/9p2vKq) %o @ http://localhost:3001/login:0
[41466775ms] [VERBOSE] [DOM] Input elements should have autocomplete attributes (suggested: "current-password"): (More info: https://goo.gl/9p2vKq) %o @ http://localhost:3001/login:0
[41487387ms] [ERROR] Failed to load resource: the server responded with a status of 401 (Unauthorized) @ http://localhost:5000/api/users/login:0
[41487389ms] [ERROR] API Error: Error: Invalid credentials
    at ApiService.request (http://localhost:3001/src/services/api.js?t=1782454486069:62:17)
    at async login (http://localhost:3001/src/store/useAuthStore.js?t=1782455412033:52:17)
    at async handleSubmit (http://localhost:3001/src/pages/Auth/Login.jsx?t=1782455412033:24:14) @ http://localhost:3001/src/services/api.js?t=1782454486069:67
[41504226ms] [VERBOSE] [DOM] Input elements should have autocomplete attributes (suggested: "current-password"): (More info: https://goo.gl/9p2vKq) %o @ http://localhost:3001/login:0
[41504427ms] [VERBOSE] [DOM] Input elements should have autocomplete attributes (suggested: "current-password"): (More info: https://goo.gl/9p2vKq) %o @ http://localhost:3001/login:0
[42119691ms] [VERBOSE] [DOM] Input elements should have autocomplete attributes (suggested: "new-password"): (More info: https://goo.gl/9p2vKq) %o @ http://localhost:3001/signup:0
[42119692ms] [VERBOSE] [DOM] Input elements should have autocomplete attributes (suggested: "new-password"): (More info: https://goo.gl/9p2vKq) %o @ http://localhost:3001/signup:0
[42119928ms] [VERBOSE] [DOM] Input elements should have autocomplete attributes (suggested: "new-password"): (More info: https://goo.gl/9p2vKq) %o @ http://localhost:3001/signup:0
[42119928ms] [VERBOSE] [DOM] Input elements should have autocomplete attributes (suggested: "new-password"): (More info: https://goo.gl/9p2vKq) %o @ http://localhost:3001/signup:0
[42266536ms] [ERROR] Cannot update a component (`%s`) while rendering a different component (`%s`). To locate the bad setState() call inside `%s`, follow the stack trace as described in https://react.dev/link/setstate-in-render BrowserRouter Checkout Checkout @ http://localhost:3001/node_modules/.vite/deps/react-dom_client.js?v=d2eaf5ea:7932
[42279860ms] [WARNING] You should call navigate() in a React.useEffect(), not when your component is first rendered. @ http://localhost:3001/node_modules/.vite/deps/react-router-dom.js?v=d2eaf5ea:163
[42279861ms] [WARNING] You should call navigate() in a React.useEffect(), not when your component is first rendered. @ http://localhost:3001/node_modules/.vite/deps/react-router-dom.js?v=d2eaf5ea:163
[42280688ms] [INFO] %cDownload the React DevTools for a better development experience: https://react.dev/link/react-devtools font-weight:bold @ http://localhost:3001/node_modules/.vite/deps/react-dom_client.js?v=d2eaf5ea:14336
[42280699ms] [ERROR] State loaded from storage couldn't be migrated since no migrate function was provided @ http://localhost:3001/node_modules/.vite/deps/zustand_middleware.js?v=d2eaf5ea:318
[42280861ms] [VERBOSE] [DOM] Input elements should have autocomplete attributes (suggested: "current-password"): (More info: https://goo.gl/9p2vKq) %o @ http://localhost:3001/login:0
[42966213ms] [ERROR] Failed to load resource: the server responded with a status of 500 (Internal Server Error) @ http://localhost:3001/src/components/CartItem.jsx?t=1782457709069:0
[42966215ms] [ERROR] [vite] Failed to reload /src/components/CartItem.jsx. This could be due to syntax errors or importing non-existent modules. (see errors above) @ http://localhost:3001/@vite/client:928
[42978104ms] [ERROR] Failed to load resource: the server responded with a status of 500 (Internal Server Error) @ http://localhost:3001/src/components/CartItem.jsx?t=1782457721166:0
[42978104ms] [ERROR] [vite] Failed to reload /src/pages/Cart.jsx. This could be due to syntax errors or importing non-existent modules. (see errors above) @ http://localhost:3001/@vite/client:928
[42978315ms] [ERROR] Failed to load resource: the server responded with a status of 500 (Internal Server Error) @ http://localhost:3001/src/components/CartItem.jsx?t=1782457721248:0
[42978316ms] [ERROR] [vite] Failed to reload /src/pages/Cart.jsx. This could be due to syntax errors or importing non-existent modules. (see errors above) @ http://localhost:3001/@vite/client:928
[42988620ms] [ERROR] Failed to load resource: the server responded with a status of 500 (Internal Server Error) @ http://localhost:3001/src/components/CartItem.jsx?t=1782457731681:0
[42988620ms] [ERROR] [vite] Failed to reload /src/pages/Cart.jsx. This could be due to syntax errors or importing non-existent modules. (see errors above) @ http://localhost:3001/@vite/client:928
[42988831ms] [ERROR] Failed to load resource: the server responded with a status of 500 (Internal Server Error) @ http://localhost:3001/src/components/CartItem.jsx?t=1782457731744:0
[42988832ms] [ERROR] [vite] Failed to reload /src/pages/Cart.jsx. This could be due to syntax errors or importing non-existent modules. (see errors above) @ http://localhost:3001/@vite/client:928
[43020505ms] [ERROR] Failed to load resource: the server responded with a status of 500 (Internal Server Error) @ http://localhost:3001/src/components/CartItem.jsx?t=1782457763570:0
[43020505ms] [ERROR] [vite] Failed to reload /src/pages/Cart.jsx. This could be due to syntax errors or importing non-existent modules. (see errors above) @ http://localhost:3001/@vite/client:928
[43020765ms] [ERROR] Failed to load resource: the server responded with a status of 500 (Internal Server Error) @ http://localhost:3001/src/components/CartItem.jsx?t=1782457763620:0
[43020767ms] [ERROR] [vite] Failed to reload /src/pages/Cart.jsx. This could be due to syntax errors or importing non-existent modules. (see errors above) @ http://localhost:3001/@vite/client:928
[43105040ms] [ERROR] Failed to load resource: the server responded with a status of 500 (Internal Server Error) @ http://localhost:3001/src/components/CartItem.jsx?t=1782457763620:0
[43346870ms] [ERROR] Failed to load resource: the server responded with a status of 500 (Internal Server Error) @ http://localhost:3001/src/components/CartItem.jsx?t=1782457763620:0
[43346870ms] [ERROR] Failed to load resource: net::ERR_INSUFFICIENT_RESOURCES @ http://localhost:3001/src/Images/products/Apple%20iPad%2010th%20Ge.jpg?import:0
[43346884ms] [ERROR] Failed to load resource: net::ERR_INSUFFICIENT_RESOURCES @ http://localhost:3001/src/Images/products/Polo%20Ralph%20Lauren%20Classic%20Fit%20T-Shirt%20front.jpg?import:0
[43346884ms] [ERROR] Failed to load resource: net::ERR_INSUFFICIENT_RESOURCES @ http://localhost:3001/src/Images/card/Fashion%20card.png?import:0
[43361471ms] [ERROR] Failed to load resource: the server responded with a status of 500 (Internal Server Error) @ http://localhost:3001/src/components/CartItem.jsx?t=1782457763620:0
[43362492ms] [ERROR] Failed to load resource: net::ERR_INSUFFICIENT_RESOURCES @ http://localhost:3001/src/Images/products/infinix-hot-40-pro-back.jpg?import:0
[43363502ms] [ERROR] Failed to load resource: net::ERR_INSUFFICIENT_RESOURCES @ http://localhost:3001/src/Images/products/Xiaomi%20Redmi%20Note%2013%204G.jpg?import:0
[43364504ms] [ERROR] Failed to load resource: net::ERR_INSUFFICIENT_RESOURCES @ http://localhost:3001/src/Images/products/OnePlus%2012%205G%20back.jpg?import:0
