[    2623ms] [INFO] %cDownload the React DevTools for a better development experience: https://reactjs.org/link/react-devtools font-weight:bold @ http://localhost:3000/node_modules/.vite/deps/chunk-XPR23Y44.js?v=72268de7:21548
[    2811ms] [WARNING] ⚠️ React Router Future Flag Warning: React Router will begin wrapping state updates in `React.startTransition` in v7. You can use the `v7_startTransition` future flag to opt-in early. For more information, see https://reactrouter.com/v6/upgrading/future#v7_starttransition. @ http://localhost:3000/node_modules/.vite/deps/react-router-dom.js?v=f57da25d:4424
[    2812ms] [WARNING] ⚠️ React Router Future Flag Warning: Relative route resolution within Splat routes is changing in v7. You can use the `v7_relativeSplatPath` future flag to opt-in early. For more information, see https://reactrouter.com/v6/upgrading/future#v7_relativesplatpath. @ http://localhost:3000/node_modules/.vite/deps/react-router-dom.js?v=f57da25d:4424
[    2877ms] [ERROR] Failed to load resource: the server responded with a status of 404 (Not Found) @ http://localhost:3000/favicon.ico:0
[   20204ms] [INFO] %cDownload the React DevTools for a better development experience: https://react.dev/link/react-devtools font-weight:bold @ http://localhost:3001/node_modules/.vite/deps/react-dom_client.js?v=d2eaf5ea:14336
[   20607ms] [ERROR] Access to fetch at 'http://localhost:5000/api/products' from origin 'http://localhost:3001' has been blocked by CORS policy: Response to preflight request doesn't pass access control check: The 'Access-Control-Allow-Origin' header has a value 'http://localhost:3000' that is not equal to the supplied origin. Have the server send the header with a valid value. @ http://localhost:3001/:0
[   20608ms] [ERROR] Failed to load resource: net::ERR_FAILED @ http://localhost:5000/api/products:0
[   20608ms] [ERROR] API Error: TypeError: Failed to fetch
    at ApiService.request (http://localhost:3001/src/services/api.js:43:27)
    at ApiService.getProducts (http://localhost:3001/src/services/api.js:52:15)
    at getMergedProducts (http://localhost:3001/src/services/api.js:118:29)
    at http://localhost:3001/src/pages/Home.jsx:218:3
    at Object.react_stack_bottom_frame (http://localhost:3001/node_modules/.vite/deps/react-dom_client.js?v=d2eaf5ea:12903:13)
    at runWithFiberInDEV (http://localhost:3001/node_modules/.vite/deps/react-dom_client.js?v=d2eaf5ea:850:66)
    at commitHookEffectListMount (http://localhost:3001/node_modules/.vite/deps/react-dom_client.js?v=d2eaf5ea:6616:153)
    at commitHookPassiveMountEffects (http://localhost:3001/node_modules/.vite/deps/react-dom_client.js?v=d2eaf5ea:6651:55)
    at commitPassiveMountOnFiber (http://localhost:3001/node_modules/.vite/deps/react-dom_client.js?v=d2eaf5ea:7617:22)
    at recursivelyTraversePassiveMountEffects (http://localhost:3001/node_modules/.vite/deps/react-dom_client.js?v=d2eaf5ea:7605:5) @ http://localhost:3001/src/services/api.js:46
[   20610ms] [ERROR] Access to fetch at 'http://localhost:5000/api/products' from origin 'http://localhost:3001' has been blocked by CORS policy: Response to preflight request doesn't pass access control check: The 'Access-Control-Allow-Origin' header has a value 'http://localhost:3000' that is not equal to the supplied origin. Have the server send the header with a valid value. @ http://localhost:3001/:0
[   20610ms] [ERROR] Failed to load resource: net::ERR_FAILED @ http://localhost:5000/api/products:0
[   20610ms] [ERROR] API Error: TypeError: Failed to fetch
    at ApiService.request (http://localhost:3001/src/services/api.js:43:27)
    at ApiService.getProducts (http://localhost:3001/src/services/api.js:52:15)
    at getMergedProducts (http://localhost:3001/src/services/api.js:118:29)
    at http://localhost:3001/src/pages/Home.jsx:218:3
    at Object.react_stack_bottom_frame (http://localhost:3001/node_modules/.vite/deps/react-dom_client.js?v=d2eaf5ea:12903:13)
    at runWithFiberInDEV (http://localhost:3001/node_modules/.vite/deps/react-dom_client.js?v=d2eaf5ea:850:66)
    at commitHookEffectListMount (http://localhost:3001/node_modules/.vite/deps/react-dom_client.js?v=d2eaf5ea:6616:153)
    at commitHookPassiveMountEffects (http://localhost:3001/node_modules/.vite/deps/react-dom_client.js?v=d2eaf5ea:6651:55)
    at reconnectPassiveEffects (http://localhost:3001/node_modules/.vite/deps/react-dom_client.js?v=d2eaf5ea:7700:6)
    at recursivelyTraverseReconnectPassiveEffects (http://localhost:3001/node_modules/.vite/deps/react-dom_client.js?v=d2eaf5ea:7687:5) @ http://localhost:3001/src/services/api.js:46
[   20698ms] [ERROR] Failed to load resource: net::ERR_BLOCKED_BY_RESPONSE.NotSameOrigin @ https://paystack.com/public/css/button.min.css:0
[   32796ms] [ERROR] Access to fetch at 'http://localhost:5000/api/products' from origin 'http://localhost:3001' has been blocked by CORS policy: Response to preflight request doesn't pass access control check: The 'Access-Control-Allow-Origin' header has a value 'http://localhost:3000' that is not equal to the supplied origin. Have the server send the header with a valid value. @ http://localhost:3001/categories:0
[   32796ms] [ERROR] Failed to load resource: net::ERR_FAILED @ http://localhost:5000/api/products:0
[   32796ms] [ERROR] API Error: TypeError: Failed to fetch
    at ApiService.request (http://localhost:3001/src/services/api.js:43:27)
    at ApiService.getProducts (http://localhost:3001/src/services/api.js:52:15)
    at getMergedProducts (http://localhost:3001/src/services/api.js:118:29)
    at http://localhost:3001/src/pages/Category.jsx:177:3
    at Object.react_stack_bottom_frame (http://localhost:3001/node_modules/.vite/deps/react-dom_client.js?v=d2eaf5ea:12903:13)
    at runWithFiberInDEV (http://localhost:3001/node_modules/.vite/deps/react-dom_client.js?v=d2eaf5ea:850:66)
    at commitHookEffectListMount (http://localhost:3001/node_modules/.vite/deps/react-dom_client.js?v=d2eaf5ea:6616:153)
    at commitHookPassiveMountEffects (http://localhost:3001/node_modules/.vite/deps/react-dom_client.js?v=d2eaf5ea:6651:55)
    at commitPassiveMountOnFiber (http://localhost:3001/node_modules/.vite/deps/react-dom_client.js?v=d2eaf5ea:7617:22)
    at recursivelyTraversePassiveMountEffects (http://localhost:3001/node_modules/.vite/deps/react-dom_client.js?v=d2eaf5ea:7605:5) @ http://localhost:3001/src/services/api.js:46
[   32804ms] [ERROR] Access to fetch at 'http://localhost:5000/api/products' from origin 'http://localhost:3001' has been blocked by CORS policy: Response to preflight request doesn't pass access control check: The 'Access-Control-Allow-Origin' header has a value 'http://localhost:3000' that is not equal to the supplied origin. Have the server send the header with a valid value. @ http://localhost:3001/categories:0
[   32805ms] [ERROR] Failed to load resource: net::ERR_FAILED @ http://localhost:5000/api/products:0
[   32805ms] [ERROR] API Error: TypeError: Failed to fetch
    at ApiService.request (http://localhost:3001/src/services/api.js:43:27)
    at ApiService.getProducts (http://localhost:3001/src/services/api.js:52:15)
    at getMergedProducts (http://localhost:3001/src/services/api.js:118:29)
    at http://localhost:3001/src/pages/Category.jsx:177:3
    at Object.react_stack_bottom_frame (http://localhost:3001/node_modules/.vite/deps/react-dom_client.js?v=d2eaf5ea:12903:13)
    at runWithFiberInDEV (http://localhost:3001/node_modules/.vite/deps/react-dom_client.js?v=d2eaf5ea:850:66)
    at commitHookEffectListMount (http://localhost:3001/node_modules/.vite/deps/react-dom_client.js?v=d2eaf5ea:6616:153)
    at commitHookPassiveMountEffects (http://localhost:3001/node_modules/.vite/deps/react-dom_client.js?v=d2eaf5ea:6651:55)
    at reconnectPassiveEffects (http://localhost:3001/node_modules/.vite/deps/react-dom_client.js?v=d2eaf5ea:7700:6)
    at doubleInvokeEffectsOnFiber (http://localhost:3001/node_modules/.vite/deps/react-dom_client.js?v=d2eaf5ea:8923:125) @ http://localhost:3001/src/services/api.js:46
[   33054ms] [ERROR] Access to fetch at 'http://localhost:5000/api/products' from origin 'http://localhost:3001' has been blocked by CORS policy: Response to preflight request doesn't pass access control check: The 'Access-Control-Allow-Origin' header has a value 'http://localhost:3000' that is not equal to the supplied origin. Have the server send the header with a valid value. @ http://localhost:3001/categories:0
[   33055ms] [ERROR] Failed to load resource: net::ERR_FAILED @ http://localhost:5000/api/products:0
[   33055ms] [ERROR] API Error: TypeError: Failed to fetch
    at ApiService.request (http://localhost:3001/src/services/api.js:43:27)
    at ApiService.getProducts (http://localhost:3001/src/services/api.js:52:15)
    at getMergedProducts (http://localhost:3001/src/services/api.js:118:29)
    at http://localhost:3001/src/pages/Category.jsx:177:3
    at Object.react_stack_bottom_frame (http://localhost:3001/node_modules/.vite/deps/react-dom_client.js?v=d2eaf5ea:12903:13)
    at runWithFiberInDEV (http://localhost:3001/node_modules/.vite/deps/react-dom_client.js?v=d2eaf5ea:850:66)
    at commitHookEffectListMount (http://localhost:3001/node_modules/.vite/deps/react-dom_client.js?v=d2eaf5ea:6616:153)
    at commitHookPassiveMountEffects (http://localhost:3001/node_modules/.vite/deps/react-dom_client.js?v=d2eaf5ea:6651:55)
    at commitPassiveMountOnFiber (http://localhost:3001/node_modules/.vite/deps/react-dom_client.js?v=d2eaf5ea:7617:22)
    at recursivelyTraversePassiveMountEffects (http://localhost:3001/node_modules/.vite/deps/react-dom_client.js?v=d2eaf5ea:7605:5) @ http://localhost:3001/src/services/api.js:46
[   33055ms] [ERROR] Access to fetch at 'http://localhost:5000/api/products' from origin 'http://localhost:3001' has been blocked by CORS policy: Response to preflight request doesn't pass access control check: The 'Access-Control-Allow-Origin' header has a value 'http://localhost:3000' that is not equal to the supplied origin. Have the server send the header with a valid value. @ http://localhost:3001/categories:0
[   33055ms] [ERROR] Failed to load resource: net::ERR_FAILED @ http://localhost:5000/api/products:0
[   33055ms] [ERROR] API Error: TypeError: Failed to fetch
    at ApiService.request (http://localhost:3001/src/services/api.js:43:27)
    at ApiService.getProducts (http://localhost:3001/src/services/api.js:52:15)
    at getMergedProducts (http://localhost:3001/src/services/api.js:118:29)
    at http://localhost:3001/src/pages/Category.jsx:177:3
    at Object.react_stack_bottom_frame (http://localhost:3001/node_modules/.vite/deps/react-dom_client.js?v=d2eaf5ea:12903:13)
    at runWithFiberInDEV (http://localhost:3001/node_modules/.vite/deps/react-dom_client.js?v=d2eaf5ea:850:66)
    at commitHookEffectListMount (http://localhost:3001/node_modules/.vite/deps/react-dom_client.js?v=d2eaf5ea:6616:153)
    at commitHookPassiveMountEffects (http://localhost:3001/node_modules/.vite/deps/react-dom_client.js?v=d2eaf5ea:6651:55)
    at reconnectPassiveEffects (http://localhost:3001/node_modules/.vite/deps/react-dom_client.js?v=d2eaf5ea:7700:6)
    at recursivelyTraverseReconnectPassiveEffects (http://localhost:3001/node_modules/.vite/deps/react-dom_client.js?v=d2eaf5ea:7687:5) @ http://localhost:3001/src/services/api.js:46
[ 1052682ms] [LOG] [vite] server connection lost. Polling for restart... @ http://localhost:3001/@vite/client:992
[ 1066391ms] [INFO] %cDownload the React DevTools for a better development experience: https://react.dev/link/react-devtools font-weight:bold @ http://localhost:3001/node_modules/.vite/deps/react-dom_client.js?v=d2eaf5ea:14336
[ 1066878ms] [ERROR] Access to fetch at 'http://localhost:5000/api/products' from origin 'http://localhost:3001' has been blocked by CORS policy: Response to preflight request doesn't pass access control check: The 'Access-Control-Allow-Origin' header has a value 'http://localhost:3000' that is not equal to the supplied origin. Have the server send the header with a valid value. @ http://localhost:3001/categories:0
[ 1066880ms] [ERROR] Failed to load resource: net::ERR_FAILED @ http://localhost:5000/api/products:0
[ 1066880ms] [ERROR] API Error: TypeError: Failed to fetch
    at ApiService.request (http://localhost:3001/src/services/api.js:43:27)
    at ApiService.getProducts (http://localhost:3001/src/services/api.js:52:15)
    at getMergedProducts (http://localhost:3001/src/services/api.js:118:29)
    at http://localhost:3001/src/pages/Category.jsx:177:3
    at Object.react_stack_bottom_frame (http://localhost:3001/node_modules/.vite/deps/react-dom_client.js?v=d2eaf5ea:12903:13)
    at runWithFiberInDEV (http://localhost:3001/node_modules/.vite/deps/react-dom_client.js?v=d2eaf5ea:850:66)
    at commitHookEffectListMount (http://localhost:3001/node_modules/.vite/deps/react-dom_client.js?v=d2eaf5ea:6616:153)
    at commitHookPassiveMountEffects (http://localhost:3001/node_modules/.vite/deps/react-dom_client.js?v=d2eaf5ea:6651:55)
    at commitPassiveMountOnFiber (http://localhost:3001/node_modules/.vite/deps/react-dom_client.js?v=d2eaf5ea:7617:22)
    at recursivelyTraversePassiveMountEffects (http://localhost:3001/node_modules/.vite/deps/react-dom_client.js?v=d2eaf5ea:7605:5) @ http://localhost:3001/src/services/api.js:46
[ 1066891ms] [ERROR] Access to fetch at 'http://localhost:5000/api/products' from origin 'http://localhost:3001' has been blocked by CORS policy: Response to preflight request doesn't pass access control check: The 'Access-Control-Allow-Origin' header has a value 'http://localhost:3000' that is not equal to the supplied origin. Have the server send the header with a valid value. @ http://localhost:3001/categories:0
[ 1066891ms] [ERROR] Failed to load resource: net::ERR_FAILED @ http://localhost:5000/api/products:0
[ 1066891ms] [ERROR] API Error: TypeError: Failed to fetch
    at ApiService.request (http://localhost:3001/src/services/api.js:43:27)
    at ApiService.getProducts (http://localhost:3001/src/services/api.js:52:15)
    at getMergedProducts (http://localhost:3001/src/services/api.js:118:29)
    at http://localhost:3001/src/pages/Category.jsx:177:3
    at Object.react_stack_bottom_frame (http://localhost:3001/node_modules/.vite/deps/react-dom_client.js?v=d2eaf5ea:12903:13)
    at runWithFiberInDEV (http://localhost:3001/node_modules/.vite/deps/react-dom_client.js?v=d2eaf5ea:850:66)
    at commitHookEffectListMount (http://localhost:3001/node_modules/.vite/deps/react-dom_client.js?v=d2eaf5ea:6616:153)
    at commitHookPassiveMountEffects (http://localhost:3001/node_modules/.vite/deps/react-dom_client.js?v=d2eaf5ea:6651:55)
    at reconnectPassiveEffects (http://localhost:3001/node_modules/.vite/deps/react-dom_client.js?v=d2eaf5ea:7700:6)
    at recursivelyTraverseReconnectPassiveEffects (http://localhost:3001/node_modules/.vite/deps/react-dom_client.js?v=d2eaf5ea:7687:5) @ http://localhost:3001/src/services/api.js:46
